INFO:     Will watch for changes in these directories: ['E:\\quant-framework']
INFO:     Uvicorn running on http://127.0.0.1:8000 (Press CTRL+C to quit)
INFO:     Started reloader process [72528] using WatchFiles
WARNING:  WatchFiles detected changes in 'alphalab\execution\order_logger.py', 'dashboard\frontend\node_modules\node-gyp\gyp\pylib\gyp\flock_tool.py', 'dashboard\frontend\node_modules\node-gyp\gyp\pylib\gyp\input.py', 'alphalab\risk\drawdown.py', 'dashboard\frontend\node_modules\node-gyp\gyp\pylib\gyp\generator\compile_commands_json.py', 'alphalab\dataio\errors.py', 'dashboard\backend\__init__.py', 'dashboard\frontend\node_modules\node-gyp\gyp\pylib\gyp\generator\xcode.py', 'dashboard\frontend\node_modules\dmg-builder\vendor\dmgbuild\core.py', 'alphalab\strategy\__init__.py', 'dashboard\frontend\node_modules\node-gyp\gyp\pylib\gyp\xcode_emulation.py', 'dashboard\frontend\node_modules\node-gyp\gyp\pylib\gyp\common_test.py', 'alphalab\risk\__init__.py', 'dashboard\backend\main.py', 'dashboard\frontend\node_modules\node-gyp\gyp\tools\pretty_gyp.py', 'dashboard\frontend\node_modules\node-gyp\gyp\pylib\gyp\win_tool.py', 'dashboard\backend\routers\system.py', 'dashboard\frontend\node_modules\node-gyp\gyp\pylib\gyp\generator\__init__.py', 'dashboard\frontend\node_modules\node-gyp\gyp\pylib\gyp\MSVSToolFile.py', 'dashboard\frontend\node_modules\dmg-builder\vendor\mac_alias\bookmark.py', 'alphalab\engine.py', 'dashboard\frontend\node_modules\node-gyp\gyp\pylib\gyp\generator\android.py', 'dashboard\frontend\node_modules\node-gyp\gyp\pylib\gyp\MSVSUserFile.py', 'dashboard\frontend\node_modules\node-gyp\gyp\pylib\gyp\input_test.py', 'dashboard\frontend\node_modules\node-gyp\gyp\pylib\gyp\MSVSVersion.py', 'dashboard\frontend\node_modules\node-gyp\gyp\pylib\gyp\__init__.py', 'dashboard\frontend\node_modules\node-gyp\gyp\pylib\gyp\mac_tool.py', 'dashboard\frontend\node_modules\node-gyp\gyp\test_gyp.py', 'dashboard\frontend\node_modules\node-gyp\gyp\pylib\gyp\MSVSUtil.py', 'dashboard\backend\routers\__init__.py', 'dashboard\frontend\node_modules\node-gyp\gyp\pylib\gyp\xcodeproj_file.py', 'tests\dataio\test_data_engine.py', 'alphalab\analytics\metrics.py', 'dashboard\frontend\node_modules\dmg-builder\vendor\mac_alias\alias.py', 'alphalab\execution\paper_trader.py', 'alphalab\dataio\engine.py', 'alphalab\factors\registry.py', 'dashboard\backend\services\__init__.py', 'alphalab\dataio\__init__.py', 'alphalab\dataio\providers\local.py', 'alphalab\dataio\io_utils.py', 'dashboard\frontend\node_modules\node-gyp\gyp\pylib\gyp\msvs_emulation.py', 'dashboard\frontend\node_modules\flatted\python\flatted.py', 'alphalab\utils\paths.py', 'dashboard\frontend\node_modules\node-gyp\gyp\pylib\gyp\MSVSProject.py', 'alphalab\factors\__init__.py', 'alphalab\strategies\__init__.py', 'dashboard\frontend\node_modules\node-gyp\gyp\pylib\gyp\generator\msvs_test.py', 'dashboard\frontend\node_modules\dmg-builder\vendor\ds_store\store.py', 'dashboard\frontend\node_modules\node-gyp\gyp\pylib\gyp\xml_fix.py', 'dashboard\frontend\node_modules\node-gyp\gyp\pylib\gyp\generator\make.py', 'alphalab\analytics\__init__.py', 'alphalab\dataio\providers\__init__.py', 'dashboard\frontend\node_modules\node-gyp\gyp\pylib\gyp\generator\msvs.py', 'alphalab\dataio\providers\protocol.py', 'dashboard\frontend\node_modules\node-gyp\gyp\pylib\gyp\common.py', 'dashboard\frontend\node_modules\node-gyp\gyp\pylib\gyp\MSVSNew.py', 'dashboard\frontend\node_modules\node-gyp\gyp\pylib\gyp\easy_xml_test.py', 'dashboard\backend\routers\data.py', 'dashboard\frontend\node_modules\node-gyp\gyp\pylib\gyp\generator\gypsh.py', 'alphalab\execution\__init__.py', 'alphalab\utils\__init__.py', 'dashboard\frontend\node_modules\node-gyp\gyp\pylib\gyp\simple_copy.py', 'tests\strategy\test_signal_engine.py', 'alphalab\strategy\config.py', 'dashboard\backend\routers\backtests.py', 'alphalab\execution\broker.py', 'dashboard\frontend\node_modules\dmg-builder\vendor\mac_alias\osx.py', 'dashboard\frontend\node_modules\node-gyp\gyp\pylib\gyp\MSVSSettings_test.py', 'dashboard\frontend\node_modules\node-gyp\gyp\tools\graphviz.py', 'dashboard\frontend\node_modules\node-gyp\gyp\pylib\gyp\generator\xcode_test.py', 'dashboard\frontend\node_modules\node-gyp\gyp\pylib\gyp\xcode_ninja.py', 'alphalab\execution\risk_guard.py', 'alphalab\execution\order.py', 'dashboard\frontend\node_modules\node-gyp\gyp\pylib\gyp\easy_xml.py', 'dashboard\frontend\node_modules\node-gyp\gyp\pylib\gyp\generator\ninja_test.py', 'dashboard\frontend\node_modules\node-gyp\gyp\pylib\gyp\generator\cmake.py', 'dashboard\frontend\node_modules\node-gyp\gyp\pylib\gyp\MSVSSettings.py', 'alphalab\factors\technical.py', 'dashboard\__init__.py', 'dashboard\frontend\node_modules\node-gyp\gyp\pylib\gyp\generator\eclipse.py', 'dashboard\frontend\node_modules\dmg-builder\vendor\biplist\__init__.py', 'alphalab\store.py', 'dashboard\backend\routers\strategies.py', 'alphalab\factors\fundamental.py', 'scripts\check_facade_imports.py', 'dashboard\frontend\node_modules\node-gyp\gyp\tools\pretty_sln.py', 'dashboard\frontend\node_modules\node-gyp\gyp\tools\pretty_vcproj.py', 'dashboard\frontend\node_modules\node-gyp\gyp\pylib\gyp\generator\gypd.py', 'dashboard\frontend\node_modules\dmg-builder\vendor\mac_alias\__init__.py', 'tests\contracts\test_public_contracts.py', 'dashboard\frontend\node_modules\dmg-builder\vendor\dmgbuild\badge.py', 'dashboard\frontend\node_modules\dmg-builder\vendor\ds_store\__init__.py', 'dashboard\backend\services\framework_service.py', 'tests\dashboard\test_backend_smoke.py', 'dashboard\frontend\node_modules\node-gyp\gyp\pylib\gyp\generator\analyzer.py', 'alphalab\__init__.py', 'dashboard\frontend\node_modules\node-gyp\gyp\pylib\gyp\ninja_syntax.py', 'dashboard\frontend\node_modules\dmg-builder\vendor\ds_store\buddy.py', 'dashboard\frontend\node_modules\dmg-builder\vendor\mac_alias\utils.py', 'dashboard\frontend\node_modules\node-gyp\update-gyp.py', 'dashboard\frontend\node_modules\node-gyp\gyp\gyp_main.py', 'dashboard\frontend\node_modules\dmg-builder\vendor\dmgbuild\colors.py', 'alphalab\portfolio\__init__.py', 'dashboard\frontend\node_modules\node-gyp\gyp\pylib\gyp\generator\dump_dependency_json.py', 'dashboard\frontend\node_modules\node-gyp\test\fixtures\test-charmap.py', 'alphalab\execution\signal_executor.py', 'dashboard\frontend\node_modules\node-gyp\gyp\pylib\gyp\generator\ninja.py'. Reloading...
OSError: [WinError 6] 句柄无效。

The above exception was the direct cause of the following exception:

Traceback (most recent call last):
  File "<frozen runpy>", line 198, in _run_module_as_main
  File "<frozen runpy>", line 88, in _run_code
  File "D:\Python\Lib\site-packages\uvicorn\__main__.py", line 4, in <module>
    uvicorn.main()
  File "D:\Python\Lib\site-packages\click\core.py", line 1157, in __call__
    return self.main(*args, **kwargs)
           ^^^^^^^^^^^^^^^^^^^^^^^^^^
  File "D:\Python\Lib\site-packages\click\core.py", line 1078, in main
    rv = self.invoke(ctx)
         ^^^^^^^^^^^^^^^^
  File "D:\Python\Lib\site-packages\click\core.py", line 1434, in invoke
    return ctx.invoke(self.callback, **ctx.params)
           ^^^^^^^^^^^^^^^^^^^^^^^^^^^^^^^^^^^^^^^
  File "D:\Python\Lib\site-packages\click\core.py", line 783, in invoke
    return __callback(*args, **kwargs)
           ^^^^^^^^^^^^^^^^^^^^^^^^^^^
  File "D:\Python\Lib\site-packages\uvicorn\main.py", line 412, in main
    run(
  File "D:\Python\Lib\site-packages\uvicorn\main.py", line 574, in run
    ChangeReload(config, target=server.run, sockets=[sock]).run()
  File "D:\Python\Lib\site-packages\uvicorn\supervisors\basereload.py", line 60, in run
    self.restart()
  File "D:\Python\Lib\site-packages\uvicorn\supervisors\basereload.py", line 92, in restart
    os.kill(self.process.pid, signal.CTRL_C_EVENT)
SystemError: <built-in function kill> returned a result with an exception set
